
	Solution from Scipy SLSQP:
	----------------------------------------------------------------------------------------------------
	Problem                  : quad_design
	Solver                   : scipy-slsqp
	Success                  : False
	Message                  : Positive directional derivative for linesearch
	Status                   : 8
	Total time               : 0.022301435470581055
	Objective                : -8.502162296700567
	Gradient norm            : 342.4377261399623
	Total function evals     : 45
	Total gradient evals     : 25
	Major iterations         : 29
	Total callbacks          : 141
	Reused callbacks         : 0
	obj callbacks            : 45
	grad callbacks           : 25
	hess callbacks           : 0
	con callbacks            : 46
	jac callbacks            : 25
	Optimal variables        : [1.68033344e+04 3.96654165e+02 5.24538863e-02 2.00000000e+00
 4.37118320e-02]
	Optimal obj. gradient    : [-8.99612171e-04 -3.13321144e-03 -3.04005758e+02 -1.87356415e+00
 -1.57608962e+02]
	----------------------------------------------------------------------------------------------------
