
	Solution from Scipy SLSQP:
	----------------------------------------------------------------------------------------------------
	Problem                  : quad_design
	Solver                   : scipy-slsqp
	Success                  : False
	Message                  : Positive directional derivative for linesearch
	Status                   : 8
	Total time               : 0.02171468734741211
	Objective                : -8.445525626220022
	Gradient norm            : 388.47095508421575
	Total function evals     : 38
	Total gradient evals     : 21
	Major iterations         : 25
	Total callbacks          : 119
	Reused callbacks         : 0
	obj callbacks            : 38
	grad callbacks           : 21
	hess callbacks           : 0
	con callbacks            : 39
	jac callbacks            : 21
	Optimal variables        : [2.00006982e+04 3.30124627e+02 4.85820574e-02 2.00000000e+00
 3.67399239e-02]
	Optimal obj. gradient    : [-7.58459369e-04 -3.88089433e-03 -3.34850515e+02 -1.92679078e+00
 -1.96929182e+02]
	----------------------------------------------------------------------------------------------------
