
	Solution from Scipy SLSQP:
	----------------------------------------------------------------------------------------------------
	Problem                  : quad_design
	Solver                   : scipy-slsqp
	Success                  : True
	Message                  : Optimization terminated successfully
	Status                   : 0
	Total time               : 0.0365293025970459
	Objective                : -8.504343817116716
	Gradient norm            : 330.4310675309094
	Total function evals     : 65
	Total gradient evals     : 47
	Major iterations         : 47
	Total callbacks          : 225
	Reused callbacks         : 0
	obj callbacks            : 65
	grad callbacks           : 47
	hess callbacks           : 0
	con callbacks            : 66
	jac callbacks            : 47
	Optimal variables        : [1.60523507e+04 4.15126840e+02 5.34813905e-02 2.00000000e+00
 4.58601221e-02]
	Optimal obj. gradient    : [-9.38917458e-04 -2.99883084e-03 -2.95616973e+02 -1.85187246e+00
 -1.47620684e+02]
	----------------------------------------------------------------------------------------------------
