
	Solution from Scipy SLSQP:
	----------------------------------------------------------------------------------------------------
	Problem                  : quad_design
	Solver                   : scipy-slsqp
	Success                  : True
	Message                  : Optimization terminated successfully
	Status                   : 0
	Total time               : 0.04580950736999512
	Objective                : -8.504343818082255
	Gradient norm            : 330.431056328891
	Total function evals     : 105
	Total gradient evals     : 54
	Major iterations         : 58
	Total callbacks          : 319
	Reused callbacks         : 0
	obj callbacks            : 105
	grad callbacks           : 54
	hess callbacks           : 0
	con callbacks            : 106
	jac callbacks            : 54
	Optimal variables        : [1.60523501e+04 4.15126853e+02 5.34813913e-02 2.00000000e+00
 4.58601242e-02]
	Optimal obj. gradient    : [-9.38917491e-04 -2.99883085e-03 -2.95616966e+02 -1.85187243e+00
 -1.47620673e+02]
	----------------------------------------------------------------------------------------------------
