
	Solution from Scipy SLSQP:
	----------------------------------------------------------------------------------------------------
	Problem                  : quad_design
	Solver                   : scipy-slsqp
	Success                  : True
	Message                  : Optimization terminated successfully
	Status                   : 0
	Total time               : 0.039166927337646484
	Objective                : -8.504343817102473
	Gradient norm            : 330.4309134783044
	Total function evals     : 73
	Total gradient evals     : 53
	Major iterations         : 53
	Total callbacks          : 253
	Reused callbacks         : 0
	obj callbacks            : 73
	grad callbacks           : 53
	hess callbacks           : 0
	con callbacks            : 74
	jac callbacks            : 53
	Optimal variables        : [1.60523500e+04 4.15126859e+02 5.34813916e-02 2.00000000e+00
 4.58601244e-02]
	Optimal obj. gradient    : [-9.38917830e-04 -2.99883297e-03 -2.95616876e+02 -1.85187199e+00
 -1.47620533e+02]
	----------------------------------------------------------------------------------------------------
